// Jest Snapshot v1, https://goo.gl/fbAQLP

exports[`ErrorBoundary renders children when there is no error 1`] = `
<div>
  <div
    class="css-ow0byj"
  >
    <h2
      class="chakra-heading css-0"
    >
      Something went wrong!
    </h2>
    <button
      class="chakra-button css-4xx2wk"
      type="button"
    >
      Try again
    </button>
  </div>
</div>
`;

exports[`ErrorBoundary renders fallback content when there is an error 1`] = `
<div>
  <div
    class="css-ow0byj"
  >
    <h2
      class="chakra-heading css-0"
    >
      Something went wrong!
    </h2>
    <button
      class="chakra-button css-4xx2wk"
      type="button"
    >
      Try again
    </button>
  </div>
</div>
`;
