// Jest Snapshot v1, https://goo.gl/fbAQLP

exports[`OrderHeader component should match snapshot for OrderHeader 1`] = `
<div>
  <div
    class="css-rvaklg"
  >
    <p
      class="chakra-text css-d4sxp6"
    >
      Showing result 
      1
      -
      10
       Result
    </p>
    <div
      class="css-15v75y9"
    >
      <p
        class="chakra-text css-d4sxp6"
      >
        Item per page
      </p>
      <div
        class="chakra-select__wrapper css-1owtwcz"
      >
        <select
          aria-label="Select"
          class="chakra-select css-1gb6uvk"
        >
          <option
            value="10"
          >
            10
          </option>
          <option
            value="20"
          >
            20
          </option>
          <option
            value="50"
          >
            50
          </option>
        </select>
        <div
          class="chakra-select__icon-wrapper css-1u2hnvd"
        >
          <svg
            aria-hidden="true"
            class="chakra-select__icon"
            focusable="false"
            role="presentation"
            style="width: 1em; height: 1em; color: currentColor;"
            viewBox="0 0 24 24"
          >
            <path
              d="M16.59 8.59L12 13.17 7.41 8.59 6 10l6 6 6-6z"
              fill="currentColor"
            />
          </svg>
        </div>
      </div>
    </div>
  </div>
</div>
`;
